
Fatal error: Allowed memory size of 1073741824 bytes exhausted (tried to allocate 8388616 bytes) in D:\_WORK_\laragon_2025\www\my_bagisto\vendor\nesbot\carbon\src\Carbon\Traits\Date.php on line 1079

  [41;1m Pest\Exceptions\FatalException [49;22m

[39;1m  Allowed memory size of 1073741824 bytes exhausted (tried to allocate 8388616 bytes)[39;22m

  at [32mvendor\nesbot\carbon\src\Carbon\Traits\Date.php[39m:[32m1079[39m
    1075тЦХ                 if ($macro) {
    1076тЦХ                     return $this->executeCallableWithContext($macro);
    1077тЦХ                 }
    1078тЦХ 
  тЮЬ 1079тЦХ                 throw new UnknownGetterException($name);
    1080тЦХ         }
    1081тЦХ     }
    1082тЦХ 
    1083тЦХ     /**

